INFO  Using log config file: jar:file:/C:/Tools/ghidra_12.1.4_PUBLIC/Ghidra/Framework/Generic/lib/Generic.jar!/generic.log4j.xml (LoggingInitialization)  
INFO  Using log file: C:\Users\Lab\AppData\Roaming\ghidra\ghidra_12.1.4_PUBLIC\application.log (LoggingInitialization)  
INFO  Loading user preferences: C:\Users\Lab\AppData\Roaming\ghidra\ghidra_12.1.4_PUBLIC\preferences (Preferences)  
INFO  Searching for classes... (ClassSearcher)  
INFO  Class search complete (1742 ms) (ClassSearcher)  
INFO  Initializing SSL Context (DefaultSSLContextInitializer)  
INFO  Initializing Random Number Generator... (SecureRandomFactory)  
INFO  Random Number Generator initialization complete: SHA1PRNG (SecureRandomFactory)  
INFO  Trust manager disabled, cacerts have not been set (DefaultTrustManagerFactory)  
INFO  Headless startup complete (4683 ms) (AnalyzeHeadless)  
INFO  Class searcher loaded 59 extension points (20 false positives) (ClassSearcher)  
analyzeHeadless.bat : WARNING: A terminally deprecated method in sun.misc.Unsafe has been called
At line:1 char:433
+ ... | Out-Null; & "C:\tools\ghidra_12.1.4_PUBLIC\support\analyzeHeadless. ...
+                 ~~~~~~~~~~~~~~~~~~~~~~~~~~~~~~~~~~~~~~~~~~~~~~~~~~~~~~~~~
    + CategoryInfo          : NotSpecified: (WARNING: A term...has been called:String) [], RemoteException
    + FullyQualifiedErrorId : NativeCommandError
 
WARNING: sun.misc.Unsafe::staticFieldOffset has been called by org.apache.felix.framework.util.SecureAction 
(file:/C:/Tools/ghidra_12.1.4_PUBLIC/Ghidra/Features/Base/lib/org.apache.felix.framework-7.0.5.jar)
WARNING: Please consider reporting this to the maintainers of class org.apache.felix.framework.util.SecureAction
WARNING: sun.misc.Unsafe::staticFieldOffset will be removed in a future release
INFO  HEADLESS Script Paths:
    C:\Tools\ghidra_12.1.4_PUBLIC\Ghidra\Features\PyGhidra\ghidra_scripts
    C:\Tools\ghidra_12.1.4_PUBLIC\Ghidra\Features\MicrosoftCodeAnalyzer\ghidra_scripts
    C:\Tools\ghidra_12.1.4_PUBLIC\Ghidra\Features\VersionTracking\ghidra_scripts
    C:\Tools\ghidra_12.1.4_PUBLIC\Ghidra\Features\FileFormats\ghidra_scripts
    C:\Tools\ghidra_12.1.4_PUBLIC\Ghidra\Debug\Debugger-rmi-trace\ghidra_scripts
    C:\Tools\ghidra_12.1.4_PUBLIC\Ghidra\Features\GnuDemangler\ghidra_scripts
    C:\Users\Lab\Documents\Decomps\Fish game 3\winfish_rs\tools
    C:\Tools\ghidra_12.1.4_PUBLIC\Ghidra\Features\DecompilerDependent\ghidra_scripts
    C:\Tools\ghidra_12.1.4_PUBLIC\Ghidra\Features\FunctionID\ghidra_scripts
    C:\Tools\ghidra_12.1.4_PUBLIC\Ghidra\Features\SystemEmulation\ghidra_scripts
    C:\Tools\ghidra_12.1.4_PUBLIC\Ghidra\Processors\JVM\ghidra_scripts
    C:\Tools\ghidra_12.1.4_PUBLIC\Ghidra\Features\BSim\ghidra_scripts
    C:\Tools\ghidra_12.1.4_PUBLIC\Ghidra\Processors\8051\ghidra_scripts
    C:\Tools\ghidra_12.1.4_PUBLIC\Ghidra\Processors\Atmel\ghidra_scripts
    C:\Tools\ghidra_12.1.4_PUBLIC\Ghidra\Debug\Debugger\ghidra_scripts
    C:\Tools\ghidra_12.1.4_PUBLIC\Ghidra\Features\Decompiler\ghidra_scripts
    C:\Tools\ghidra_12.1.4_PUBLIC\Ghidra\Processors\DATA\ghidra_scripts
    C:\Tools\ghidra_12.1.4_PUBLIC\Ghidra\Features\PDB\ghidra_scripts
    C:\Tools\ghidra_12.1.4_PUBLIC\Ghidra\Features\Base\ghidra_scripts
    C:\Tools\ghidra_12.1.4_PUBLIC\Ghidra\Features\WildcardAssembler\ghidra_scripts
    C:\Tools\ghidra_12.1.4_PUBLIC\Ghidra\Features\BytePatterns\ghidra_scripts
    C:\Tools\ghidra_12.1.4_PUBLIC\Ghidra\Processors\PIC\ghidra_scripts
    C:\Tools\ghidra_12.1.4_PUBLIC\Ghidra\Features\SwiftDemangler\ghidra_scripts (HeadlessAnalyzer)  
INFO  HEADLESS: execution starts (HeadlessAnalyzer)  
INFO  Opening existing project: C:\Users\Lab\Documents\Decomps\Fish game 3\Decomp\ghidra_project\Insaniquarium (HeadlessAnalyzer)  
INFO  Opening project: C:\Users\Lab\Documents\Decomps\Fish game 3\Decomp\ghidra_project\Insaniquarium (HeadlessProject)  
INFO  REPORT: Processing read-only project file: /WinFish.exe (HeadlessAnalyzer)  
INFO  REPORT: Execute script: ExportDisasm.java 'C:\Users\Lab\Documents\Decomps\Fish game 3\winfish_rs\reference\disasm.txt'  (HeadlessAnalyzer)  
INFO  SCRIPT: C:\Users\Lab\Documents\Decomps\Fish game 3\winfish_rs\tools\ExportDisasm.java (HeadlessAnalyzer)  
INFO  ExportDisasm.java> ExportDisasm: wrote 9198 functions to C:\Users\Lab\Documents\Decomps\Fish game 3\winfish_rs\reference\disasm.txt (GhidraScript)  
